> Task :app:clean
> Task :app:preBuild UP-TO-DATE
> Task :app:preDebugBuild UP-TO-DATE
> Task :app:mergeDebugNativeDebugMetadata NO-SOURCE
> Task :app:checkKotlinGradlePluginConfigurationErrors
> Task :app:generateDebugResValues
> Task :app:dataBindingMergeDependencyArtifactsDebug
> Task :app:generateDebugResources
> Task :app:processDebugGoogleServices
> Task :app:packageDebugResources
> Task :app:dataBindingTriggerDebug
> Task :app:generateDebugBuildConfig
> Task :app:mapDebugSourceSetPaths
> Task :app:createDebugCompatibleScreenManifests
> Task :app:extractDeepLinksDebug
> Task :app:parseDebugLocalResources
> Task :app:checkDebugAarMetadata
> Task :app:processDebugMainManifest
> Task :app:mergeDebugResources
> Task :app:processDebugManifest
> Task :app:dataBindingGenBaseClassesDebug
> Task :app:mergeDebugShaders
> Task :app:compileDebugShaders NO-SOURCE
> Task :app:generateDebugAssets UP-TO-DATE
> Task :app:processDebugManifestForPackage
> Task :app:javaPreCompileDebug
> Task :app:mergeDebugAssets
> Task :app:desugarDebugFileDependencies
> Task :app:mergeDebugJniLibFolders
> Task :app:mergeDebugNativeLibs NO-SOURCE
> Task :app:stripDebugDebugSymbols NO-SOURCE
> Task :app:validateSigningDebug
> Task :app:writeDebugAppMetadata
> Task :app:writeDebugSigningConfigVersions
> Task :app:buildKotlinToolingMetadata
> Task :app:preReleaseBuild UP-TO-DATE
> Task :app:compressDebugAssets
> Task :app:generateReleaseResValues
> Task :app:dataBindingMergeDependencyArtifactsRelease
> Task :app:generateReleaseResources
> Task :app:processReleaseGoogleServices
> Task :app:checkDebugDuplicateClasses
> Task :app:processDebugResources
> Task :app:mergeReleaseResources
> Task :app:mergeLibDexDebug
> Task :app:packageReleaseResources
> Task :app:dataBindingTriggerRelease
> Task :app:generateReleaseBuildConfig
> Task :app:mapReleaseSourceSetPaths
> Task :app:createReleaseCompatibleScreenManifests
> Task :app:extractDeepLinksRelease
> Task :app:parseReleaseLocalResources
> Task :app:checkReleaseAarMetadata
> Task :app:dataBindingGenBaseClassesRelease
> Task :app:processReleaseMainManifest
> Task :app:processReleaseManifest
> Task :app:processReleaseManifestForPackage
> Task :app:javaPreCompileRelease
> Task :app:extractProguardFiles
> Task :app:mergeReleaseJniLibFolders
> Task :app:mergeReleaseNativeLibs NO-SOURCE
> Task :app:stripReleaseDebugSymbols NO-SOURCE
> Task :app:extractReleaseNativeSymbolTables NO-SOURCE
> Task :app:mergeReleaseNativeDebugMetadata NO-SOURCE
> Task :app:desugarReleaseFileDependencies
> Task :app:mergeReleaseShaders
> Task :app:compileReleaseShaders NO-SOURCE
> Task :app:generateReleaseAssets UP-TO-DATE
> Task :app:mergeReleaseArtProfile
> Task :app:checkReleaseDuplicateClasses
> Task :app:mergeReleaseAssets
> Task :app:extractReleaseVersionControlInfo
> Task :app:compressReleaseAssets
> Task :app:collectReleaseDependencies
> Task :app:sdkReleaseDependencyData
> Task :app:writeReleaseAppMetadata
> Task :app:writeReleaseSigningConfigVersions
> Task :app:preDebugAndroidTestBuild SKIPPED
> Task :app:generateDebugAndroidTestResValues
> Task :app:preDebugUnitTestBuild UP-TO-DATE
> Task :app:processReleaseResources
> Task :app:optimizeReleaseResources
> Task :app:mergeExtDexDebug
> Task :app:mergeExtDexRelease
> Task :app:kaptGenerateStubsDebugKotlin
> Task :app:kaptGenerateStubsReleaseKotlin
> Task :app:kaptDebugKotlin
> Task :app:kaptReleaseKotlin

> Task :app:compileDebugKotlin FAILED
./gradlew : e: file:///C:/Users/nassa/AndroidStudioProjects/eSIM%20Travel%20App
/app/src/main/java/com/esim/travelapp/ui/purchase/PaymentActivity.kt:90:46 
Type mismatch: inferred type is `<no name provided>` but CardInputListener? 
was expected
At line:1 char:60
+ ... Projects\eSIM Travel App"; ./gradlew clean build -x test 2>&1 | Tee-O ...
+                                ~~~~~~~~~~~~~~~~~~~~~~~~~~~~~~~~~~
    + CategoryInfo          : NotSpecified: (e: file:///C:/U...r? was expected 
   :String) [], RemoteException
    + FullyQualifiedErrorId : NativeCommandError
 
e: file:///C:/Users/nassa/AndroidStudioProjects/eSIM%20Travel%20App/app/src/mai
n/java/com/esim/travelapp/ui/purchase/PaymentActivity.kt:90:71 Unresolved 
reference: CardInputListener
e: file:///C:/Users/nassa/AndroidStudioProjects/eSIM%20Travel%20App/app/src/mai
n/java/com/esim/travelapp/ui/purchase/PaymentActivity.kt:91:13 
'onCardComplete' overrides nothing
e: file:///C:/Users/nassa/AndroidStudioProjects/eSIM%20Travel%20App/app/src/mai
n/java/com/esim/travelapp/ui/purchase/PaymentActivity.kt:95:13 'onCardInvalid' 
overrides nothing
e: file:///C:/Users/nassa/AndroidStudioProjects/eSIM%20Travel%20App/app/src/mai
n/java/com/esim/travelapp/ui/purchase/PaymentActivity.kt:99:13 'onFocusChange' 
overrides nothing
e: file:///C:/Users/nassa/AndroidStudioProjects/eSIM%20Travel%20App/app/src/mai
n/java/com/esim/travelapp/ui/purchase/PaymentActivity.kt:99:68 Unresolved 
reference: FocusField
e: file:///C:/Users/nassa/AndroidStudioProjects/eSIM%20Travel%20App/app/src/mai
n/java/com/esim/travelapp/ui/purchase/PaymentActivity.kt:150:40 Unresolved 
reference: card

> Task :app:compileReleaseKotlin FAILED
e: file:///C:/Users/nassa/AndroidStudioProjects/eSIM%20Travel%20App/app/src/mai
n/java/com/esim/travelapp/ui/purchase/PaymentActivity.kt:90:46 Type mismatch: 
inferred type is `<no name provided>` but CardInputListener? was expected
e: file:///C:/Users/nassa/AndroidStudioProjects/eSIM%20Travel%20App/app/src/mai
n/java/com/esim/travelapp/ui/purchase/PaymentActivity.kt:90:71 Unresolved 
reference: CardInputListener
e: file:///C:/Users/nassa/AndroidStudioProjects/eSIM%20Travel%20App/app/src/mai
n/java/com/esim/travelapp/ui/purchase/PaymentActivity.kt:91:13 
'onCardComplete' overrides nothing
e: file:///C:/Users/nassa/AndroidStudioProjects/eSIM%20Travel%20App/app/src/mai
n/java/com/esim/travelapp/ui/purchase/PaymentActivity.kt:95:13 'onCardInvalid' 
overrides nothing
e: file:///C:/Users/nassa/AndroidStudioProjects/eSIM%20Travel%20App/app/src/mai
n/java/com/esim/travelapp/ui/purchase/PaymentActivity.kt:99:13 'onFocusChange' 
overrides nothing
e: file:///C:/Users/nassa/AndroidStudioProjects/eSIM%20Travel%20App/app/src/mai
n/java/com/esim/travelapp/ui/purchase/PaymentActivity.kt:99:68 Unresolved 
reference: FocusField
e: file:///C:/Users/nassa/AndroidStudioProjects/eSIM%20Travel%20App/app/src/mai
n/java/com/esim/travelapp/ui/purchase/PaymentActivity.kt:150:40 Unresolved 
reference: card

[Incubating] Problems report is available at: file:///C:/Users/nassa/AndroidStudioProjects/eSIM%20Travel%20App/build/reports/problems/problems-report.html

FAILURE: Build completed with 2 failures.

1: Task failed with an exception.
-----------
* What went wrong:
Execution failed for task ':app:compileDebugKotlin'.
> A failure occurred while executing org.jetbrains.kotlin.compilerRunner.Gradle
CompilerRunnerWithWorkers$GradleKotlinCompilerWorkAction
   > Compilation error. See log for more details

* Try:
> Run with --stacktrace option to get the stack trace.
> Run with --info or --debug option to get more log output.
> Run with --scan to get full insights.
> Get more help at https://help.gradle.org.
==============================================================================

2: Task failed with an exception.
-----------
* What went wrong:
Execution failed for task ':app:compileReleaseKotlin'.
> A failure occurred while executing org.jetbrains.kotlin.compilerRunner.Gradle
CompilerRunnerWithWorkers$GradleKotlinCompilerWorkAction
   > Compilation error. See log for more details

* Try:
> Run with --stacktrace option to get the stack trace.
> Run with --info or --debug option to get more log output.
> Run with --scan to get full insights.
> Get more help at https://help.gradle.org.
==============================================================================

Deprecated Gradle features were used in this build, making it incompatible with Gradle 9.0.


You can use '--warning-mode all' to show the individual deprecation warnings and determine if they come from your own scripts or plugins.

For more on this, please refer to https://docs.gradle.org/8.13/userguide/command_line_interface.html#sec:command_line_warnings in the Gradle documentation.
BUILD FAILED in 57s
74 actionable tasks: 74 executed
